// Jest Snapshot v1, https://goo.gl/fbAQLP

exports[`Snapshot test for <Board />  1`] = `
<div
  className="main"
>
  <div
    className="greetings"
  >
    Greetings 
    Mark
  </div>
  <div
    className="whoms-turn"
  >
      
    Player 
    <strong>
      X
    </strong>
     your move!
     
  </div>
  <div
    className="board"
  >
    <div
      className="row"
    >
      <span
        className="column"
        onClick={[Function]}
      >
        <div
          className="square-val"
        />
      </span>
      <span
        className="column"
        onClick={[Function]}
      >
        <div
          className="square-val"
        />
      </span>
      <span
        className="column"
        onClick={[Function]}
      >
        <div
          className="square-val"
        />
      </span>
    </div>
    <div
      className="row"
    >
      <span
        className="column"
        onClick={[Function]}
      >
        <div
          className="square-val"
        />
      </span>
      <span
        className="column"
        onClick={[Function]}
      >
        <div
          className="square-val"
        />
      </span>
      <span
        className="column"
        onClick={[Function]}
      >
        <div
          className="square-val"
        />
      </span>
    </div>
    <div
      className="row"
    >
      <span
        className="column"
        onClick={[Function]}
      >
        <div
          className="square-val"
        />
      </span>
      <span
        className="column"
        onClick={[Function]}
      >
        <div
          className="square-val"
        />
      </span>
      <span
        className="column"
        onClick={[Function]}
      >
        <div
          className="square-val"
        />
      </span>
    </div>
  </div>
</div>
`;
